
> prism-backend@0.1.0 dev
> node --watch src/server.js

Failed to obtain server version. Unable to check client-server compatibility. Set checkCompatibility=false to skip version check.
It is highly recommended to use a minimum Redis version of 6.2.0
             Current: 5.0.14.1
[00:23:34.125] [32mINFO[39m (23160): [36mPrism backend listening on port 4000[39m
Restarting 'src/server.js'
Restarting 'src/server.js'
Failed to obtain server version. Unable to check client-server compatibility. Set checkCompatibility=false to skip version check.
It is highly recommended to use a minimum Redis version of 6.2.0
             Current: 5.0.14.1
[00:25:29.669] [32mINFO[39m (19480): [36mPrism backend listening on port 4000[39m
Restarting 'src/server.js'
Failed to obtain server version. Unable to check client-server compatibility. Set checkCompatibility=false to skip version check.
It is highly recommended to use a minimum Redis version of 6.2.0
             Current: 5.0.14.1
[00:26:09.227] [32mINFO[39m (2124): [36mPrism backend listening on port 4000[39m
Restarting 'src/server.js'
Failed to obtain server version. Unable to check client-server compatibility. Set checkCompatibility=false to skip version check.
It is highly recommended to use a minimum Redis version of 6.2.0
             Current: 5.0.14.1
[00:26:21.642] [32mINFO[39m (23468): [36mPrism backend listening on port 4000[39m
Restarting 'src/server.js'
Failed to obtain server version. Unable to check client-server compatibility. Set checkCompatibility=false to skip version check.
It is highly recommended to use a minimum Redis version of 6.2.0
             Current: 5.0.14.1
[00:26:40.107] [32mINFO[39m (5476): [36mPrism backend listening on port 4000[39m
[00:28:27.538] [33mWARN[39m (5476): [36mhealth/deep: qdrant unreachable[39m
    err: {
      "type": "TypeError",
      "message": "fetch failed: ",
      "stack":
          TypeError: fetch failed
              at node:internal/deps/undici/undici:13510:13
              at process.processTicksAndRejections (node:internal/process/task_queues:105:5)
              at async fetchJson (file:///C:/Users/gaur3/Desktop/Projects/samsung%20project/backend/node_modules/@qdrant/openapi-typescript-fetch/dist/esm/fetcher.js:132:22)
              at async file:///C:/Users/gaur3/Desktop/Projects/samsung%20project/backend/node_modules/@qdrant/js-client-rest/dist/esm/api-client.js:43:24
              at async handler (file:///C:/Users/gaur3/Desktop/Projects/samsung%20project/backend/node_modules/@qdrant/openapi-typescript-fetch/dist/esm/fetcher.js:153:16)
              at async file:///C:/Users/gaur3/Desktop/Projects/samsung%20project/backend/node_modules/@qdrant/js-client-rest/dist/esm/api-client.js:27:24
              at async handler (file:///C:/Users/gaur3/Desktop/Projects/samsung%20project/backend/node_modules/@qdrant/openapi-typescript-fetch/dist/esm/fetcher.js:153:16)
              at async handler (file:///C:/Users/gaur3/Desktop/Projects/samsung%20project/backend/node_modules/@qdrant/openapi-typescript-fetch/dist/esm/fetcher.js:153:16)
              at async fetchUrl (file:///C:/Users/gaur3/Desktop/Projects/samsung%20project/backend/node_modules/@qdrant/openapi-typescript-fetch/dist/esm/fetcher.js:159:22)
              at async Object.fun [as getCollections] (file:///C:/Users/gaur3/Desktop/Projects/samsung%20project/backend/node_modules/@qdrant/openapi-typescript-fetch/dist/esm/fetcher.js:165:20)
          caused by: AggregateError [ECONNREFUSED]: 
              at internalConnectMultiple (node:net:1134:18)
              at afterConnectMultiple (node:net:1715:7)
    }
[00:28:27.551] [32mINFO[39m (5476): [36mrequest completed[39m
    [35mcorrelationId[39m: "067c3b26-0d1a-4074-b735-0562fcb5adfa"
    [35mmethod[39m: "GET"
    [35mpath[39m: "/health/deep"
    [35mstatus[39m: 503
    [35mdurationMs[39m: 2541
[00:28:27.850] [33mWARN[39m (5476): [36mhealth/deep: qdrant unreachable[39m
    err: {
      "type": "TypeError",
      "message": "fetch failed: ",
      "stack":
          TypeError: fetch failed
              at node:internal/deps/undici/undici:13510:13
              at process.processTicksAndRejections (node:internal/process/task_queues:105:5)
              at async fetchJson (file:///C:/Users/gaur3/Desktop/Projects/samsung%20project/backend/node_modules/@qdrant/openapi-typescript-fetch/dist/esm/fetcher.js:132:22)
              at async file:///C:/Users/gaur3/Desktop/Projects/samsung%20project/backend/node_modules/@qdrant/js-client-rest/dist/esm/api-client.js:43:24
              at async handler (file:///C:/Users/gaur3/Desktop/Projects/samsung%20project/backend/node_modules/@qdrant/openapi-typescript-fetch/dist/esm/fetcher.js:153:16)
              at async file:///C:/Users/gaur3/Desktop/Projects/samsung%20project/backend/node_modules/@qdrant/js-client-rest/dist/esm/api-client.js:27:24
              at async handler (file:///C:/Users/gaur3/Desktop/Projects/samsung%20project/backend/node_modules/@qdrant/openapi-typescript-fetch/dist/esm/fetcher.js:153:16)
              at async handler (file:///C:/Users/gaur3/Desktop/Projects/samsung%20project/backend/node_modules/@qdrant/openapi-typescript-fetch/dist/esm/fetcher.js:153:16)
              at async fetchUrl (file:///C:/Users/gaur3/Desktop/Projects/samsung%20project/backend/node_modules/@qdrant/openapi-typescript-fetch/dist/esm/fetcher.js:159:22)
              at async Object.fun [as getCollections] (file:///C:/Users/gaur3/Desktop/Projects/samsung%20project/backend/node_modules/@qdrant/openapi-typescript-fetch/dist/esm/fetcher.js:165:20)
          caused by: AggregateError [ECONNREFUSED]: 
              at internalConnectMultiple (node:net:1134:18)
              at afterConnectMultiple (node:net:1715:7)
    }
[00:28:27.851] [32mINFO[39m (5476): [36mrequest completed[39m
    [35mcorrelationId[39m: "684e93f9-5f90-4ad7-bce4-b27504133e4c"
    [35mmethod[39m: "GET"
    [35mpath[39m: "/health/deep"
    [35mstatus[39m: 503
    [35mdurationMs[39m: 268
Failed running 'src/server.js'. Waiting for file changes before restarting...
